// Jest Snapshot v1, https://goo.gl/fbAQLP

exports[`Category should render one CategoryItem 1`] = `
<styled.div
  className="category-list"
>
  <CategoryItem
    description="Things to do tonight"
    id={0}
    key="0"
    name="Tonight"
  />
</styled.div>
`;

exports[`CategoryList should render nothing when passing empty data set 1`] = `
<styled.div
  className="category-list"
/>
`;
